// Jest Snapshot v1, https://goo.gl/fbAQLP

exports[`PickupPointDetails should render self and components 1`] = `
<div
  className="pkpmodal-details"
>
  <div
    className="pkpmodal-details-top"
  >
    <button
      className="pkpmodal-details-back-lnk btn btn-link"
      onClick={[Function]}
      type="button"
    >
      <i
        className="pkpmodal-icon-back-pickup-points-list icon-angle-left"
      />
      See all pickup points
    </button>
  </div>
  <div
    className="pkpmodal-details-middle"
  >
    <div
      className="pkpmodal-details-store"
    >
      <div
        className="pkpmodal-pickup-point"
        id="1"
        onClick={[Function]}
      >
        <div
          className="pkpmodal-pickup-point-main"
        >
          <div
            className="pkpmodal-pickup-point-marker"
          >
            <svg
              className="pkpmodal-pickup-point-marker-image"
              height="32"
              version="1.1"
              viewBox="0 0 48 48"
              width="32"
              x="0px"
              xmlns="http://www.w3.org/2000/svg"
              y="0px"
            >
              <path
                d="M24,1.11224c-9.38879,0-17,7.61115-17,17 c0,10.1424,12.87262,23.22955,16.2149,26.4566c0.44031,0.42517,1.12988,0.42517,1.57025,0C28.12744,41.3418,41,28.25464,41,18.11224 C41,8.72339,33.38879,1.11224,24,1.11224z"
                fill="#0176ff"
                stroke="#ffffff"
              />
              <circle
                cx="24"
                cy="18"
                fill="#FFFFFF"
                r="6"
              />
            </svg>
          </div>
          <div
            className="pkpmodal-pickup-point-info"
          >
            <p
              className="pkpmodal-pickup-point-name"
            >
              test
            </p>
            <div
              className="pkpmodal-pickup-point-address "
            >
              <div
                className="address-summary"
              >
                <span
                  className="postal-code"
                />
              </div>
            </div>
            <span
              className="pkpmodal-pickup-point-availability"
            >
              2 item unavailable
            </span>
          </div>
        </div>
        <div
          className="pkpmodal-pickup-point-sla-availability"
        >
          <span
            className="pkpmodal-pickup-point-price"
          >
            R$ 1,00
          </span>
          <span
            className="pkpmodal-pickup-point-sla"
          >
            Ready in up to 1 business day
          </span>
        </div>
      </div>
    </div>
    <div
      className="pkpmodal-details-info"
    >
      <div
        className="pkpmodal-details-group"
      >
        <h3
          className="title pkpmodal-details-info-title"
        >
          Product availability in this pickup point
        </h3>
        <div
          className="pkpmodal-product-items"
        />
        <div
          className="pkpmodal-product-items"
        >
          <span
            className="pkpmodal-product-item pkpmodal-product-item-unavailable"
            data-tip="test"
          >
            <img
              alt="test"
              data-tip="test"
              src="teste.png"
            />
            <span
              className="pkpmodal-product-item-unavailable-slash"
            />
            <div
              className="__react_component_tooltip place-top type-dark "
              data-id="tooltip"
            >
              
            </div>
          </span>
          <span
            className="pkpmodal-product-item pkpmodal-product-item-unavailable"
            data-tip="test2"
          >
            <img
              alt="test2"
              data-tip="test2"
              src="teste.png"
            />
            <span
              className="pkpmodal-product-item-unavailable-slash"
            />
            <div
              className="__react_component_tooltip place-top type-dark "
              data-id="tooltip"
            >
              
            </div>
          </span>
        </div>
      </div>
      <div
        className="pkpmodal-details-group"
      >
        <h3
          className="pkpmodal-details-info-title"
        >
          Other information
        </h3>
        test aditionalInfo
      </div>
    </div>
  </div>
  <div
    className="pkpmodal-details-bottom"
  >
    <button
      className="pkpmodal-details-confirm-btn pkp-modal-btn pkp-modal-btn-primary pkp-modal-btn-block pkp-modal-btn-lg "
      disabled={undefined}
      id="confirm-pickup-1"
      onClick={[Function]}
      type="button"
    >
      Pickup in this point
    </button>
  </div>
</div>
`;
