// Jest Snapshot v1, https://goo.gl/fbAQLP

exports[`PickupPointDetails should render self and components 1`] = `
<div
  className="modalDetails pkpmodal-details"
>
  <div
    className="modalDetailsTop pkpmodal-details-top"
  >
    <button
      className="modalDetailsBackLnk pkpmodal-details-back-lnk btn btn-link"
      onClick={[Function]}
      type="button"
    >
      <svg
        className="backChevron"
        fill="none"
        height="14"
        viewBox="0 0 10 14"
        width="10"
        xmlns="http://www.w3.org/2000/svg"
      >
        <path
          d="M0.75845 7.72356C0.345468 7.32958 0.345467 6.67042 0.758449 6.27644L7.33764 0L9.23999 1.81481L3.8047 7L9.23999 12.1852L7.33764 14L0.75845 7.72356Z"
          fill="#4C8EEF"
        />
      </svg>
      See all pickup points
    </button>
  </div>
  <div
    className="pickupDetailsHeader pkpmodal-details-header"
  >
    <p
      className="pickupDetailsHeaderTitle pkpmodal-details-header-title"
    >
      Pickup point details
    </p>
    <div
      className="pickupDetailsHeaderButtons pkpmodal-details-header-buttons"
    >
      <button
        className="pickupDetailsHeaderButton pkpmodal-details-header-button"
        onClick={[Function]}
      >
        <svg
          fill="none"
          height="11"
          viewBox="0 0 16 11"
          width="16"
          xmlns="http://www.w3.org/2000/svg"
        >
          <path
            d="M0.249779 5.5C0.249779 5.75781 0.333112 5.92969 0.499779 6.10156L5.24978 11L6.41644 9.79687L3.08311 6.35938L15.75 6.35938V4.64063L3.08311 4.64063L6.41644 1.20313L5.24978 0L0.499779 4.89844C0.333112 5.07031 0.249779 5.24219 0.249779 5.5Z"
            fill="#4C8EEF"
          />
        </svg>
      </button>
      <button
        className="pickupDetailsHeaderButton pkpmodal-details-header-button"
        onClick={[Function]}
      >
        <svg
          fill="none"
          height="11"
          viewBox="0 0 16 11"
          width="16"
          xmlns="http://www.w3.org/2000/svg"
        >
          <path
            d="M15.7502 5.5C15.7502 5.24219 15.6669 5.07031 15.5002 4.89844L10.7502 9.53674e-07L9.58356 1.20313L12.9169 4.64063L0.25 4.64062L0.25 6.35937L12.9169 6.35938L9.58356 9.79688L10.7502 11L15.5002 6.10156C15.6669 5.92969 15.7502 5.75781 15.7502 5.5Z"
            fill="#4C8EEF"
          />
        </svg>
      </button>
    </div>
  </div>
  <div
    className="modalDetailsMiddle pkpmodal-details-middle"
  >
    <div
      className="modalDetailsStore pkpmodal-details-store"
    >
      <div
        className="pickupPoint pkpmodal-pickup-point"
        id="1"
        onClick={[Function]}
      >
        <div
          className="pickupPointMain pkpmodal-pickup-point-main"
        >
          <div
            className="pickupPointMarkerPostalCode pkpmodal-pickup-point-marker"
          >
            <svg
              className="pkpmodal-pickup-point-marker-image"
              height="32"
              version="1.1"
              viewBox="0 0 48 48"
              width="32"
              x="0px"
              xmlns="http://www.w3.org/2000/svg"
              y="0px"
            >
              <path
                d="M24,1.11224c-9.38879,0-17,7.61115-17,17 c0,10.1424,12.87262,23.22955,16.2149,26.4566c0.44031,0.42517,1.12988,0.42517,1.57025,0C28.12744,41.3418,41,28.25464,41,18.11224 C41,8.72339,33.38879,1.11224,24,1.11224z"
                fill="#0176ff"
                stroke="#ffffff"
              />
              <circle
                cx="24"
                cy="18"
                fill="#FFFFFF"
                r="6"
              />
            </svg>
            <svg
              className="pkpmodal-pickup-point-marker-image"
              height="32"
              version="1.1"
              viewBox="0 0 48 48"
              width="32"
              x="0px"
              xmlns="http://www.w3.org/2000/svg"
              y="0px"
            >
              <path
                d="M24,1.11224c-9.38879,0-17,7.61115-17,17 c0,10.1424,12.87262,23.22955,16.2149,26.4566c0.44031,0.42517,1.12988,0.42517,1.57025,0C28.12744,41.3418,41,28.25464,41,18.11224 C41,8.72339,33.38879,1.11224,24,1.11224z"
                fill="#0176ff"
                stroke="#ffffff"
              />
              <circle
                cx="24"
                cy="18"
                fill="#FFFFFF"
                r="6"
              />
            </svg>
          </div>
          <div
            className="pickupPointInfo pkpmodal-pickup-point-info"
          >
            <p
              className="pickupPointName pkpmodal-pickup-point-name"
            >
              test
            </p>
            <div
              className="pickupPointAddress pkpmodal-pickup-point-address "
            >
              <div
                className="address-summary address-summary-BRA"
              >
                <br
                  className="line1-delimiter"
                />
                <span
                  className="country"
                >
                  BRA
                </span>
              </div>
            </div>
            <span
              className="pickupPointAllAvailable pkpmodal-pickup-point-available"
            >
              All products are available
            </span>
          </div>
        </div>
        <div
          className="pickupPointSlaAvailabilityPostalCode pkpmodal-pickup-point-sla-availability"
        >
          <span
            className="pickupPointPrice pkpmodal-pickup-point-price"
          >
            R$ 1,00
          </span>
          <span
            className="pickupPointSla pkpmodal-pickup-point-sla"
          >
            TranslateEstimate
          </span>
        </div>
      </div>
    </div>
    <div
      className="modalDetailsInfo pkpmodal-details-info"
    >
      <div
        className="modalDetailsGroup pkpmodal-details-group"
      >
        <h3
          className="modalDetailsInfoTitle title pkpmodal-details-info-title"
        >
          Product availability in this pickup point
        </h3>
        <div
          className="productItems pkpmodal-product-items"
        >
          <span
            className="productItem pkpmodal-product-item "
            data-tip="test"
          >
            <img
              alt="test"
              data-tip="test"
              src="teste.png"
            />
            <div
              className="__react_component_tooltip place-top type-dark "
              data-id="tooltip"
              id={undefined}
            />
          </span>
          <span
            className="productItem pkpmodal-product-item "
            data-tip="test2"
          >
            <img
              alt="test2"
              data-tip="test2"
              src="teste.png"
            />
            <div
              className="__react_component_tooltip place-top type-dark "
              data-id="tooltip"
              id={undefined}
            />
          </span>
        </div>
        <div
          className="productItems pkpmodal-product-items"
        />
      </div>
    </div>
  </div>
  <div
    className="modalDetailsBottom pkpmodal-details-bottom"
  >
    <button
      className="modalDetailConfirmBtn pkpmodal-details-confirm-btn btn pkp-modal-btn primary pkp-modal-btn-primary block pkp-modal-btn-block lg pkp-modal-btn-lg "
      disabled={undefined}
      id="confirm-pickup-1"
      onClick={[Function]}
      type="button"
    >
      Pickup in this point
    </button>
  </div>
</div>
`;
